// unit test that the braindrop/brainstorm aer system can send spikes to synapses
import "aer/aer/aer.act";
import "aer/lib/test.act";
pint M=4;
pint M_AERV_SPK=M;
pint M_AERV_MEM=M+3;
pint p4M=256; // = 4^M
pint p2M=16; // = 2^M
pint N=4;
pint NN=p4M;
pint N_SYN=NN/N;
#SCRIPT pint tile_i[p4M/16];
#SCRIPT pint tile_j[p4M/16];

aer::globals_w_analog ga;
aer::globals g;
aer::globals_to_globals_w_analog g_to_ga(g, ga);
bool Reset = g.sReset;

aer::SINK_eMx1of4<M> aext_snk(g,);
aer::eMx1of2<2*M_AERV_SPK> aerv_spk_src;
aer::eMx1of2_to_eMx1of4<2*M_AERV_SPK, M_AERV_SPK> aerv_spk_src_(g, aerv_spk_src,);
aer::test::SOURCE_BRAIN_AERV<M_AERV_MEM, M_AERV_MEM-M+1, 2, 1>
    aerv_mem_src(g,);

aer::a1of2 syn_spk[N_SYN];
aer::e1of2 syn_dat[N_SYN];
(; m : N_SYN :
    syn_dat[m].m = syn_spk[m].m;
)
prs {
    (: m : N_SYN :
        [after=0] syn_spk[m].a => syn_dat[m].e-
    )
}

aer::BRAIN_AER_INT<M, p4M, p2M> aer_int(
    g,,,, aext_snk.d,,,, aerv_spk_src_.y, aerv_mem_src.d);
aer::BRAIN_AER<M, p4M, p2M, tile_i, tile_j, false> aer(ga,,,
    aer_int.aext_pp, aer_int.aext_pe, aer_int.aext_p,
    aer_int.aerv__pp, aer_int.aerv__pe, aer_int.aerv_p,,
);
