// unit test that the braindrop/brainstorm aer system can send spikes from neurons
import "aer/aer/bs_aer.act";
import "aer/lib/test.act";
pint M=6;
pint p4M=4096; // = 4^M
pint p2M=64; // = 2^M
pint N=4;
pint NN=p4M; // NN=N^M
pint M_1of4 = M;
pint M_1of2 = M*2;
pint M_AEXT_SPK_1of4=M;
pint M_AEXT_SPK_1of2=M_AEXT_SPK_1of4*2;
pint M_AERV_SPK_1of4=M;
pint M_AERV_MEM_1of4=M+3;
pint M_AERV_SPK_1of2=M_AERV_SPK_1of4*2;
pint M_AERV_MEM_1of2=M_AERV_MEM_1of4*2;
#SCRIPT pint tile_i[p4M/16];
#SCRIPT pint tile_j[p4M/16];

aer::globals_w_analog ga;
aer::globals g;
aer::globals_to_globals_w_analog g_to_ga(g, ga);
bool Reset = g.sReset;

aer::e1of<NN> spk_src;
aer::eMx1of2<M_1of2> snk;

aer::SINK_eMx1of2<M_AEXT_SPK_1of2> aext_snk(g, snk);
aer::test::SOURCE_BRAIN_AERV<M, 1, 0, 2> aerv_spk_src(g,);
aer::test::SOURCE_BRAIN_AERV<M_AERV_MEM_1of4, M_AERV_MEM_1of4-M_1of4+1, 2, 1>
    aerv_mem_src(g,);

aer::eMx1of4_to_eMx1of2<M_AERV_SPK_1of4, M_AERV_SPK_1of2> aerv_spk_src_4to2(
    g, aerv_spk_src.d,);
aer::eMx1of4_to_eMx1of2<M_AERV_MEM_1of4, M_AERV_MEM_1of2> aerv_mem_src_4to2(
    g, aerv_mem_src.d,);

BS_AER<M*2, M, p4M, p2M, tile_i, tile_j, true> aer(
    ga, spk_src.d,, aext_snk.d, aerv_spk_src_4to2.y, aerv_mem_src_4to2.y,,);

prs<g.Vdd, g.GND> {
    (| : nn : NN : aer.aext_nrn_ack[nn]) => spk_src.e-
}
